{"status": "BLOCKED", "source": "intent_fail.json", "timestamp": "2026-08-26T12:55:32Z"}
{"timestamp": "2026-08-26T13:00:47Z", "status": "ACTION_NOT_EXECUTED", "reason": "INTENT_GATE_FAILED", "source_intent": {
  "intent": "RUN_VERIFICATION",
  "auth": {
    "authorized": false
  },
  "payload": {
    "target": "zemala-core",
    "operation": "verify"
  }
}}
{"timestamp": "2026-08-26T13:52:48Z", "status": "ACTION_NOT_EXECUTED", "reason": "INTENT_GATE_FAILED", "source_intent": {
  "request_id": "5a027308-bf7e-4631-8c9e-1b040bea0cf4",
  "timestamp": "2026-08-26T13:50:50.378793+00:00",
  "status": "PENDING",
  "source": "hmi",
  "intent": "ZEMALA_HMI_TEST",
  "payload": {
    "target": "zemala-core",
    "operation": "verify"
  }
}}
{"timestamp": "2026-08-26T15:26:30Z", "status": "ACTION_NOT_EXECUTED", "reason": "INTENT_GATE_FAILED", "source_intent": {"intent": "Test Intent"}}
